// Jest Snapshot v1, https://goo.gl/fbAQLP

exports[` 1`] = `
Object {
  "fields": Object {
    "left": Object {
      "fields": Object {
        "explicitType": undefined,
        "numberType": "int",
        "value": 123,
      },
      "location": Object {
        "end": Object {
          "column": 4,
          "line": 1,
          "offset": 3,
        },
        "source": "",
        "start": Object {
          "column": 1,
          "line": 1,
          "offset": 0,
        },
      },
      "name": "NumberLiteral",
    },
    "op": "+",
    "right": Object {
      "fields": Object {
        "explicitType": undefined,
        "numberType": "float",
        "value": 4.32,
      },
      "location": Object {
        "end": Object {
          "column": 11,
          "line": 1,
          "offset": 10,
        },
        "source": "",
        "start": Object {
          "column": 7,
          "line": 1,
          "offset": 6,
        },
      },
      "name": "NumberLiteral",
    },
  },
  "location": Object {
    "end": Object {
      "column": 11,
      "line": 1,
      "offset": 10,
    },
    "source": "",
    "start": Object {
      "column": 1,
      "line": 1,
      "offset": 0,
    },
  },
  "name": "BinaryExpr",
}
`;
