// Jest Snapshot v1, https://goo.gl/fbAQLP

exports[`resolveSymbols spits out the right debug info 1`] = `
"<File>
  <SymbolTable id=\\"31\\" parent=\\"30\\">
    <externalFunc/>
    <g/>
    <main/>
  </SymbolTable>
  <funcs>
    <FuncDecl symbol=\\"main\\" isPublic=\\"false\\" returnType=\\"undefined\\">
      <SymbolTable id=\\"32\\" parent=\\"31\\"/>
      <ParameterList>
        <parameters/>
      </ParameterList>
      <Block>
        <SymbolTable id=\\"33\\" parent=\\"32\\">
          <x/>
          <y/>
        </SymbolTable>
        <statements>
          <LetStatement symbol=\\"x\\" typeExpr=\\"undefined\\">
            <NumberLiteral value=\\"1\\" numberType=\\"int\\" explicitType=\\"undefined\\"/>
          </LetStatement>
          <LetStatement symbol=\\"y\\" typeExpr=\\"undefined\\">
            <NumberLiteral value=\\"2\\" numberType=\\"int\\" explicitType=\\"undefined\\"/>
          </LetStatement>
          <Block>
            <SymbolTable id=\\"34\\" parent=\\"33\\">
              <x/>
            </SymbolTable>
            <statements>
              <LetStatement symbol=\\"x\\" typeExpr=\\"undefined\\">
                <NumberLiteral value=\\"3\\" numberType=\\"int\\" explicitType=\\"undefined\\"/>
              </LetStatement>
              <ExprStatement>
                <SymbolRef symbol=\\"x\\"/>
              </ExprStatement>
              <ExprStatement>
                <SymbolRef symbol=\\"y\\"/>
              </ExprStatement>
            </statements>
          </Block>
          <ExprStatement>
            <SymbolRef symbol=\\"x\\"/>
          </ExprStatement>
        </statements>
      </Block>
    </FuncDecl>
  </funcs>
  <decls>
    <GlobalDecl symbol=\\"g\\" typeExpr=\\"undefined\\">
      <NumberLiteral value=\\"10\\" numberType=\\"int\\" explicitType=\\"undefined\\"/>
    </GlobalDecl>
    <ExternDecl libName=\\"someLib\\">
      <funcs>
        <ExternFuncDecl symbol=\\"externalFunc\\">
          <SymbolTable id=\\"35\\" parent=\\"31\\"/>
          <ParameterList>
            <parameters/>
          </ParameterList>
          <TypeRef symbol=\\"void\\"/>
        </ExternFuncDecl>
      </funcs>
    </ExternDecl>
  </decls>
</File>"
`;
