// Jest Snapshot v1, https://goo.gl/fbAQLP

exports[`resolveSymbols spits out the right debug info 1`] = `
"<File>
  <SymbolTable id=\\"67\\" parent=\\"66\\">
    <math/>
    <main/>
    <g/>
    <externalFunc/>
  </SymbolTable>
  <decls>
    <ModuleDecl symbol=\\"math\\">
      <SymbolTable id=\\"68\\" parent=\\"undefined\\">
        <calcPi/>
      </SymbolTable>
      <decls>
        <FuncDecl symbol=\\"calcPi\\" isPublic=\\"false\\" returnType=\\"undefined\\">
          <SymbolTable id=\\"74\\" parent=\\"67\\"/>
          <ParameterList>
            <parameters/>
          </ParameterList>
          <Block>
            <SymbolTable id=\\"75\\" parent=\\"74\\"/>
            <statements/>
          </Block>
        </FuncDecl>
      </decls>
    </ModuleDecl>
    <FuncDecl symbol=\\"main\\" isPublic=\\"false\\" returnType=\\"undefined\\">
      <SymbolTable id=\\"71\\" parent=\\"67\\"/>
      <ParameterList>
        <parameters/>
      </ParameterList>
      <Block>
        <SymbolTable id=\\"72\\" parent=\\"71\\">
          <x/>
          <y/>
        </SymbolTable>
        <statements>
          <LetStatement symbol=\\"x\\" typeExpr=\\"undefined\\">
            <NumberLiteral value=\\"1\\" numberType=\\"int\\" explicitType=\\"undefined\\"/>
          </LetStatement>
          <LetStatement symbol=\\"y\\" typeExpr=\\"undefined\\">
            <NumberLiteral value=\\"2\\" numberType=\\"int\\" explicitType=\\"undefined\\"/>
          </LetStatement>
          <Block>
            <SymbolTable id=\\"73\\" parent=\\"72\\">
              <x/>
            </SymbolTable>
            <statements>
              <LetStatement symbol=\\"x\\" typeExpr=\\"undefined\\">
                <NumberLiteral value=\\"3\\" numberType=\\"int\\" explicitType=\\"undefined\\"/>
              </LetStatement>
              <ExprStatement>
                <SymbolRef symbol=\\"x\\"/>
              </ExprStatement>
              <ExprStatement>
                <SymbolRef symbol=\\"y\\"/>
              </ExprStatement>
            </statements>
          </Block>
          <ExprStatement>
            <SymbolRef symbol=\\"x\\"/>
          </ExprStatement>
        </statements>
      </Block>
    </FuncDecl>
    <GlobalDecl symbol=\\"g\\" typeExpr=\\"undefined\\">
      <NumberLiteral value=\\"10\\" numberType=\\"int\\" explicitType=\\"undefined\\"/>
    </GlobalDecl>
    <ExternDecl libName=\\"someLib\\">
      <funcs>
        <ExternFuncDecl symbol=\\"externalFunc\\">
          <SymbolTable id=\\"76\\" parent=\\"67\\"/>
          <ParameterList>
            <parameters/>
          </ParameterList>
          <TypeRef symbol=\\"void\\"/>
        </ExternFuncDecl>
      </funcs>
    </ExternDecl>
  </decls>
</File>"
`;
